

========================================
NEW PLAYER REPORT
========================================
Time:     2026-09-02 20:25:43
IP:       127.0.0.1
Username: atat
Reported: atatta
Game:     attatt
Server:   OutlandsMC

Details:
1235151366

Saved: reports/20260903_002543_529_e349dd1dad7a48edad2a5fe85f451452.txt
========================================

Using launch settings from /root/apis/report/Properties/launchSettings.json...
Building...
info: Microsoft.Hosting.Lifetime[14]
      Now listening on: http://0.0.0.0:5000
info: Microsoft.Hosting.Lifetime[0]
      Application started. Press Ctrl+C to shut down.
info: Microsoft.Hosting.Lifetime[0]
      Hosting environment: Development
info: Microsoft.Hosting.Lifetime[0]
      Content root path: /root/apis/report

========================================
NEW PLAYER REPORT
========================================
PLAYER REPORT
==============================
Date:             2026-09-02 21:55:26
IP:               127.0.0.1

In-game username: adventbudlikespiss
Reported player:  i am advent
Game:             p iss
Server:           OutlandsMC

Details:
------------------------------
advent you like men
==============================

========================================


========================================
NEW PLAYER REPORT
========================================
PLAYER REPORT
==============================
Date:             2026-09-02 21:56:02
IP:               127.0.0.1

In-game username: adventbudlikespiss
Reported player:  i am advent
Game:             p iss
Server:           OutlandsMC

Details:
------------------------------
advent you like men
==============================

========================================

[RATE LIMITED] 2026-09-02 21:56:06 | IP=127.0.0.1 | 20 second cooldown

========================================
NEW PLAYER REPORT
========================================
PLAYER REPORT
==============================
Date:             2026-09-02 21:58:05
IP:               127.0.0.1

In-game username: Uwu
Reported player:  Timber
Game:             Goon smp
Server:           Idiot Central

Details:
------------------------------
UwuwuajakdiIaj
==============================

========================================

Using launch settings from /root/apis/report/Properties/launchSettings.json...
Building...
/root/apis/report/Program.cs(193,24): error CS1513: } expected [/root/apis/report/report.csproj]
/root/apis/report/Program.cs(193,24): error CS1026: ) expected [/root/apis/report/report.csproj]
/root/apis/report/Program.cs(193,24): error CS1002: ; expected [/root/apis/report/report.csproj]
/root/apis/report/Program.cs(196,1): error CS1022: Type or namespace definition, or end-of-file expected [/root/apis/report/report.csproj]
/root/apis/report/Program.cs(196,2): error CS1022: Type or namespace definition, or end-of-file expected [/root/apis/report/report.csproj]

The build failed. Fix the build errors and run again.
Using launch settings from /root/apis/report/Properties/launchSettings.json...
Building...
info: Microsoft.Hosting.Lifetime[14]
      Now listening on: http://0.0.0.0:5000
info: Microsoft.Hosting.Lifetime[0]
      Application started. Press Ctrl+C to shut down.
info: Microsoft.Hosting.Lifetime[0]
      Hosting environment: Development
info: Microsoft.Hosting.Lifetime[0]
      Content root path: /root/apis/report

========================================
NEW PLAYER REPORT
========================================
PLAYER REPORT
==============================
Date:             2026-09-02 23:35:14
IP:               127.0.0.1

In-game username: <@1544902673013276762>
Reported player:  <@1544902673013276762>
Game:             <@1544902673013276762>
Server:           Idiot Central

Details:
------------------------------
<@1544902673013276762>
==============================

========================================


========================================
NEW PLAYER REPORT
========================================
PLAYER REPORT
==============================
Date:             2026-09-02 23:35:49
IP:               127.0.0.1

In-game username: <@1544902673013276762>
Reported player:  <@1544902673013276762>
Game:             <@1544902673013276762>
Server:           Idiot Central

Details:
------------------------------
<@1544902673013276762>
==============================

========================================

[SPAM BLOCKED] 2026-09-03 02:47:38 | IP=127.0.0.1
[SPAM BLOCKED] 2026-09-03 02:49:12 | IP=127.0.0.1
[RATE LIMITED] 2026-09-03 02:49:14 | IP=127.0.0.1 | 20 second cooldown
[SPAM BLOCKED] 2026-09-03 02:50:02 | IP=127.0.0.1
[SPAM BLOCKED] 2026-09-04 17:01:33 | IP=127.0.0.1

========================================
NEW PLAYER REPORT
========================================
PLAYER REPORT
==============================
Date:             2026-09-04 17:03:02
IP:               127.0.0.1

In-game username: testicleman
Reported player:  timbercat10
Game:             asdf
Server:           OutlandsMC

Details:
------------------------------
incident
==============================

========================================

